Design: siggen_multiplier
Signal Generator: siggen_multiplier
Voltage: 0.80 V
Frequency: 100 MHz
Result: PASS
Internal Power: 11.5 mW
Switching Power: 7.8 mW
Leakage Power: 0.6 mW
Total Power: 19.9 mW

Design: siggen_multiplier
Signal Generator: siggen_multiplier
Voltage: 0.80 V
Frequency: 200 MHz
Result: PASS
Internal Power: 15.0 mW
Switching Power: 10.2 mW
Leakage Power: 0.8 mW
Total Power: 25.8 mW

Design: siggen_multiplier
Signal Generator: siggen_multiplier
Voltage: 0.90 V
Frequency: 100 MHz
Result: PASS
Internal Power: 14.0 mW
Switching Power: 9.5 mW
Leakage Power: 0.8 mW
Total Power: 24.3 mW
